bfc00000 T _start
bfc00100 T power_off_device
bfc00160 D tcsm_data_len
bfc00164 D tcsm_copy_data
bfc00380 T _watch_except
bfc00420 T xudelay
bfc004a4 T xmdelay
bfc004bc T xtimeout
bfc00558 T xfer_d2i
bfc005e0 T get_pll_freq
bfc0065c T create_watchlist
bfc00800 T main
bfc00a10 t sd_init
bfc00af4 t mmc_cmd
bfc00bc0 t mmc_found
bfc00d04 T sd_boot
bfc0108c t error_handler
bfc011cc T alternative_boot
bfc01420 t nand_send_rdcmd_and_addr
bfc01498 t nand_read_buf
bfc014c0 t parse_flag
bfc01538 t nand_wait_rb
bfc01594 t nand_get_flags
bfc016ac t nand_page_read
bfc01b54 T nand_boot
bfc01f40 t write_fifo
bfc01f98 T musb_boot
bfc02640 t ssi_get_byte
bfc026e4 t ssi_get_word
bfc02738 T spi_boot
bfc02b90 t secall
bfc02bdc T cache_init
bfc02c04 T flush_dcache_range
bfc02c3c T load_firmware
bfc02c90 T init_se_mcu
bfc02cd0 T move_data
bfc02d48 T upload_data
bfc02dfc T load_key
bfc02e88 T check_data
bfc02efc T get_length_offset
bfc02f1c T read_efuse_protect
bfc02f4c T div_clock
bfc02ff0 T sec_boot
bfc030f0 T nor_boot
bfc03158 t nor_boot_16bit
bfc03178 t nor_boot_cs2
bfc03190 T flush_dcache_all
bfc031b4 t handle_ep0_status_in_phase
bfc031ec T memset
bfc03214 T usb_boot
f4000000 D cpufreq
f4000010 d retry_times
f4000020 d cpu_info_data
f4000028 d device_desc
f400003c d fs_desc
f400005c d hs_desc
f400007c d string_manufacture
f400008c d string_product
f40000bc d string_lang_ids
f40000c0 d dev_qualifier
f40000d0 D reset_handler
f40000f0 d cpu_info_data
f40000f8 d device_desc
f400010c d hs_desc
f400012c d fs_desc
f400014c d string_manufacture
f400015c d string_product
f400018c d string_lang_ids
f4000190 d dev_qualifier
f40001a0 D start_addr
f40001c0 b boot_counter.1516
f40001c0 B _fbss_start
f40001c0 A _gp
f40001c4 b resp.1502
f40001cc b rca
f40001d0 b current_boot
f40001d4 b ctl_num
f40001d8 b b_args
f40001e0 B boot_sel
f40001e4 B cpustate
f40001f0 b L1_dcache
f4000200 B except_reg_stack
f4000200 B _fbss_end
f4000220 B watch_order
f4000260 B watch_list
